C51 COMPILER V9.01   TIMER_SENIOR                                                          12/14/2019 20:05:01 PAGE 1   


C51 COMPILER V9.01, COMPILATION OF MODULE TIMER_SENIOR
OBJECT MODULE PLACED IN Timer_senior.OBJ
COMPILER INVOKED BY: C:\Keil\C51\BIN\C51.EXE Timer_senior.c BROWSE DEBUG OBJECTEXTEND

line level    source

   1          #include<reg52.h>
   2          typedef unsigned char uchar;
   3          typedef unsigned int uint;
   4          uchar code dig_code[]={0xc0,0xf9,0xa4,0xb0,0x99,0x92,0x82,0xf8,0x80,0x90,0x88,0x80,0xc6,0xc0,0x86,0x8e,0xb
             -f,0x7f};
   5          uint count=0;
   6          sbit S5=P3^2;
   7          sbit S4=P3^3;
   8          uint m=0;
   9          uint s=0;
  10          uint h=0;
  11          uint ms=0;
  12          
  13          void delay(uint t)
  14          {
  15   1              while(t--);
  16   1      }
  17          
  18          void SelectHC138(uchar n)
  19          {
  20   1              switch(n)
  21   1              {
  22   2                      case 4:
  23   2                      P2=(P2&0x1f)|0x80;
  24   2                      break;
  25   2                      case 5:
  26   2                      P2=(P2&0x1f)|0xa0;
  27   2                      break;
  28   2                      case 6:
  29   2                      P2=(P2&0x1f)|0xc0;
  30   2                      break;
  31   2                      case 7:
  32   2                      P2=(P2&0x1f)|0xe0;
  33   2              }
  34   1      }
  35          
  36          void displaybit(uchar num,uchar pos)
  37          {
  38   1              SelectHC138(6); 
  39   1              P0=0X01<<pos;
  40   1              SelectHC138(7);
  41   1              P0=dig_code[num];               
  42   1      }
  43          
  44          void display()
  45          {
  46   1              displaybit(s%10,7);
  47   1              delay(500);
  48   1              displaybit(s/10,6);
  49   1              delay(500);
  50   1              displaybit(16,5);
  51   1              delay(500);
  52   1              displaybit(m%10,4);
  53   1              delay(500);
  54   1              displaybit(m/10,3);
C51 COMPILER V9.01   TIMER_SENIOR                                                          12/14/2019 20:05:01 PAGE 2   

  55   1              delay(500);
  56   1              displaybit(16,2);
  57   1              delay(500);
  58   1              displaybit(h%10,1);
  59   1              delay(500);
  60   1              displaybit(h/10,0);
  61   1              delay(500);
  62   1      }
  63          
  64          void interrupt_init()
  65          {
  66   1              TMOD=0X01;
  67   1              TH0=(65536-50000)/256;
  68   1              TL0=(65536-50000)%256;
  69   1              EA=1;
  70   1              ET0=1;
  71   1              TR0=1;
  72   1      }
  73          
  74          void interrupt_service() interrupt 1
  75          {
  76   1              TH0=(65536-50000)/256;
  77   1              TL0=(65536-50000)%256;
  78   1              ms++;
  79   1              if(ms==20)
  80   1              {
  81   2                      s++;
  82   2                      ms=0;
  83   2                      if(s==60)
  84   2                      {
  85   3                              m++;
  86   3                              s=0;
  87   3                              if(m==60)
  88   3                              {
  89   4                                      h++;
  90   4                                      m=0;
  91   4                              }
  92   3                              if(h==24)
  93   3                              {
  94   4                                      h=0;
  95   4                              }
  96   3                      }
  97   2                      
  98   2      
  99   2              }
 100   1      }
 101          
 102          void scankey()
 103          {
 104   1              while(S4==0)
 105   1              {
 106   2                      delay(100);
 107   2                      while(S4==0)
 108   2                      {
 109   3                              TR0=~TR0;
 110   3                              while(S4==0)
 111   3                              {
 112   4                                      display();
 113   4                              }
 114   3                              
 115   3                      }
 116   2              }
C51 COMPILER V9.01   TIMER_SENIOR                                                          12/14/2019 20:05:01 PAGE 3   

 117   1              while(S5==0)
 118   1              {
 119   2                      delay(100);
 120   2                      while(S5==0)
 121   2                      {
 122   3                              TR0=0;
 123   3                              m=0;
 124   3                              s=0;
 125   3                              ms=0;
 126   3                              while(S5==0)
 127   3                              {
 128   4                                      display();
 129   4                              }
 130   3                      }
 131   2              }               
 132   1      }
 133          
 134          int main()
 135          {
 136   1              SelectHC138(5);
 137   1              P0=0X00;
 138   1              SelectHC138(4);
 139   1              P0=0xff;
 140   1              SelectHC138(4); 
 141   1              interrupt_init();
 142   1              while(1)
 143   1              {
 144   2                      display();
 145   2                      scankey();
 146   2              }
 147   1      }


MODULE INFORMATION:   STATIC OVERLAYABLE
   CODE SIZE        =    422    ----
   CONSTANT SIZE    =     18    ----
   XDATA SIZE       =   ----    ----
   PDATA SIZE       =   ----    ----
   DATA SIZE        =     10    ----
   IDATA SIZE       =   ----    ----
   BIT SIZE         =   ----    ----
END OF MODULE INFORMATION.


C51 COMPILATION COMPLETE.  0 WARNING(S),  0 ERROR(S)
