C51 COMPILER V9.60.0.0   LED_RUNNING                                                       07/11/2020 17:08:41 PAGE 1   


C51 COMPILER V9.60.0.0, COMPILATION OF MODULE LED_RUNNING
OBJECT MODULE PLACED IN Led_running.OBJ
COMPILER INVOKED BY: C:\Keil_v5\C51\BIN\C51.EXE Led_running.c OPTIMIZE(8,SPEED) BROWSE DEBUG OBJECTEXTEND TABS(2)

line level    source

   1          #include<reg52.h>
   2          typedef unsigned int uint;
   3          typedef unsigned char uchar;
   4          sbit HC138_A=P2^5;
   5          sbit HC138_B=P2^6;
   6          sbit HC138_C=P2^7;//138译码器输出端定义
   7          void Init()
   8          {
   9   1        HC138_C=1;
  10   1        HC138_B=0;
  11   1        HC138_A=1;
  12   1        P0=0X00;//初始化板上资源，关闭蜂鸣器与继电器
  13   1      }
  14          
  15          void Delay(uint t)
  16          {
  17   1        while(t--);//延时函数
  18   1      }
  19          
  20          void ledrunning()
  21          {
  22   1        uchar i;
  23   1        for(i=0;i<3;i++)
  24   1        {
  25   2        HC138_C=1;
  26   2        HC138_B=0;
  27   2        HC138_A=0;
  28   2        P0=0xff;//熄灭所有LED灯
  29   2        Delay(30000000);
  30   2        P0=0x00;//点亮所有LED小灯 
  31   2        Delay(30000000);
  32   2        }
  33   1        for(i=1;i<=8;i++)
  34   1        {
  35   2          P0=0xff<<i;//左移函数，每次循环均将已点亮小灯向左移动一位
  36   2          Delay(30000000);
  37   2        }
  38   1        for(i=1;i<=8;i++)
  39   1        {
  40   2          P0=~(0xff<<i);//取反
  41   2          Delay(30000000);
  42   2        }
  43   1       
  44   1      }
  45          
  46          
  47          void main()
  48          {
  49   1        Init();
  50   1        while(1)
  51   1        {
  52   2          ledrunning();
  53   2        }
  54   1      }

C51 COMPILER V9.60.0.0   LED_RUNNING                                                       07/11/2020 17:08:41 PAGE 2   


MODULE INFORMATION:   STATIC OVERLAYABLE
   CODE SIZE        =    126    ----
   CONSTANT SIZE    =   ----    ----
   XDATA SIZE       =   ----    ----
   PDATA SIZE       =   ----    ----
   DATA SIZE        =   ----    ----
   IDATA SIZE       =   ----    ----
   BIT SIZE         =   ----    ----
END OF MODULE INFORMATION.


C51 COMPILATION COMPLETE.  0 WARNING(S),  0 ERROR(S)
