C51 COMPILER V9.60.0.0   IIC                                                               07/26/2020 17:41:09 PAGE 1   


C51 COMPILER V9.60.0.0, COMPILATION OF MODULE IIC
OBJECT MODULE PLACED IN .\Objects\iic.obj
COMPILER INVOKED BY: C:\Keil_v5\C51\BIN\C51.EXE iic.c OPTIMIZE(8,SPEED) BROWSE DEBUG OBJECTEXTEND PRINT(.\Listings\iic.l
                    -st) TABS(2) OBJECT(.\Objects\iic.obj)

line level    source

   1          /*
   2            程序说明: IIC总线驱动程序
   3            软件环境: Keil uVision 4.10 
   4            硬件环境: CT107单片机综合实训平台 8051，12MHz
   5            日    期: 2011-8-9
   6          */
   7          
   8          #include "reg52.h"
   9          #include "intrins.h"
  10          
  11          #define DELAY_TIME 40
  12          
  13          #define SlaveAddrW 0xA0
  14          #define SlaveAddrR 0xA1
  15          
  16          //总线引脚定义
  17          sbit SDA = P2^1;  /* 数据线 */
  18          sbit SCL = P2^0;  /* 时钟线 */
  19          
  20          void IIC_Delay(unsigned char i)
  21          {
  22   1          do{_nop_();}
  23   1          while(i--);        
  24   1      }
  25          //总线启动条件
  26          void IIC_Start(void)
  27          {
  28   1          SDA = 1;
  29   1          SCL = 1;
  30   1          IIC_Delay(DELAY_TIME);
  31   1          SDA = 0;
  32   1          IIC_Delay(DELAY_TIME);
  33   1          SCL = 0;  
  34   1      }
  35          
  36          //总线停止条件
  37          void IIC_Stop(void)
  38          {
  39   1          SDA = 0;
  40   1          SCL = 1;
  41   1          IIC_Delay(DELAY_TIME);
  42   1          SDA = 1;
  43   1          IIC_Delay(DELAY_TIME);
  44   1      }
  45          
  46          
  47          //等待应答
  48          bit IIC_WaitAck(void)
  49          {
  50   1          bit ackbit;
  51   1        
  52   1          SCL  = 1;
  53   1          IIC_Delay(DELAY_TIME);
  54   1          ackbit = SDA;
C51 COMPILER V9.60.0.0   IIC                                                               07/26/2020 17:41:09 PAGE 2   

  55   1          SCL = 0;
  56   1          IIC_Delay(DELAY_TIME);
  57   1          return ackbit;
  58   1      }
  59          
  60          //通过I2C总线发送数据
  61          void IIC_SendByte(unsigned char byt)
  62          {
  63   1          unsigned char i;
  64   1      
  65   1          for(i=0; i<8; i++)
  66   1          {
  67   2              SCL  = 0;
  68   2              IIC_Delay(DELAY_TIME);
  69   2              if(byt & 0x80) SDA  = 1;
  70   2              else SDA  = 0;
  71   2              IIC_Delay(DELAY_TIME);
  72   2              SCL = 1;
  73   2              byt <<= 1;
  74   2              IIC_Delay(DELAY_TIME);
  75   2          }
  76   1          SCL  = 0;  
  77   1      }
  78          


MODULE INFORMATION:   STATIC OVERLAYABLE
   CODE SIZE        =    109    ----
   CONSTANT SIZE    =   ----    ----
   XDATA SIZE       =   ----    ----
   PDATA SIZE       =   ----    ----
   DATA SIZE        =   ----    ----
   IDATA SIZE       =   ----    ----
   BIT SIZE         =   ----       1
END OF MODULE INFORMATION.


C51 COMPILATION COMPLETE.  0 WARNING(S),  0 ERROR(S)
