C51 COMPILER V9.01   MAIN                                                                  01/19/2020 21:18:34 PAGE 1   


C51 COMPILER V9.01, COMPILATION OF MODULE MAIN
OBJECT MODULE PLACED IN main.OBJ
COMPILER INVOKED BY: C:\Keil\C51\BIN\C51.EXE main.c BROWSE DEBUG OBJECTEXTEND

line level    source

   1          #include<reg52.h>
   2          #include"onewire.h"
   3          #include"ds1302.h"
   4          #include"data.h"
   5          #include"iic.h"
   6          void Display_Dynamic();
   7          uchar code dig_code[]={0xc0,0xf9,0xa4,0xb0,0x99,0x92,0x82,0xf8,0x80,0x90,0x88,0x80,0xc6,0xc0,0x86,0x8e,0xb
             -f,0x7f};//数码管显示内容
   8          uchar time[7]={0x00,0x00,0x00,0x01,0x01,0x01,0x20};//DS1302初始化内容
   9          uint temp=0;
  10          int data_pcf8591=0;
  11          
  12          //延时函数
  13          void Delay(uint t)
  14          {
  15   1              while(t--);
  16   1      }
  17          
  18          //选择138译码器输出端
  19          void selectHC573(uchar channel)
  20          {
  21   1              switch(channel)
  22   1              {
  23   2                      case 4:
  24   2                      P2=(P2&0x1f)|0x80;//不改变P2其他端口电平的情况下改变138译码器输入，由于前移一位故channel*2。
  25   2                      break;
  26   2                      case 5:
  27   2                      P2=(P2&0x1f)|0xa0;
  28   2                      break;
  29   2                      case 6:
  30   2                      P2=(P2&0x1f)|0xc0;
  31   2                      break;
  32   2                      case 7:
  33   2                      P2=(P2&0x1f)|0xe0;
  34   2                      break;
  35   2              }
  36   1      }
  37          
  38          //按位点亮数码管
  39          void DisplaySMG_Bit(uchar value,uchar pos)
  40          {       
  41   1              selectHC573(6);
  42   1              P0=0X01<<pos;//channel选择为6时选择数码管位置
  43   1              selectHC573(7);
  44   1              P0=dig_code[value];//channel选择为7时选择数码管显示内容
  45   1      }
  46          
  47          //获取温度
  48          void tempget()
  49          {
  50   1              uchar low,high;
  51   1              init_ds18b20();
  52   1              Write_DS18B20(0XCC);
  53   1              Write_DS18B20(0X44);
  54   1      
C51 COMPILER V9.01   MAIN                                                                  01/19/2020 21:18:34 PAGE 2   

  55   1              init_ds18b20();
  56   1              Write_DS18B20(0XCC);
  57   1              Write_DS18B20(0Xbe);
  58   1      /*
  59   1      DS18B20操作步骤(P11)：
  60   1      1-初始化
  61   1      2-跳过ROM
  62   1      3-转换温度(0x44)/开始读取温度Scratchpad(0xbe)
  63   1      */
  64   1      
  65   1              low=Read_DS18B20();
  66   1              high=Read_DS18B20();
  67   1      
  68   1              temp=high<<4;
  69   1              temp|=(low>>4);//将DS18B20数据转换为十进制并截取整数部分
  70   1      } 
  71          
  72          //动态显示温度
  73          void Display_Dynmaic_temp()
  74          {
  75   1              tempget();
  76   1              DisplaySMG_Bit(temp%100/10,5);
  77   1              Delay(500);
  78   1              P0=0XFF;
  79   1              DisplaySMG_Bit(temp%10,6);
  80   1              Delay(500);
  81   1              P0=0XFF;
  82   1              //显示温度整数部分
  83   1              selectHC573(6);
  84   1              P0=0X01<<7;
  85   1              selectHC573(7);
  86   1              P0=0XC6;//显示C代表摄氏度
  87   1      }
  88                                                                                    
  89          //DS1302初始化
  90          
  91          void ds1302_init()
  92          {
  93   1              uchar add=0x80;//写数据地址
  94   1              uchar i;
  95   1              Write_Ds1302_Byte(0x8e,0x00); //关闭写保护
  96   1              for(i=0;i<7;i++)
  97   1              {
  98   2                      Write_Ds1302_Byte(add,time[i]);
  99   2                      add=add+2;
 100   2              }
 101   1              Write_Ds1302_Byte(0x8e,0x80); //开启写保护
 102   1      }
 103          
 104          //读取DS1302时间，地址可见P9，WP位为写保护控制位
 105          void ds1302_read()
 106          {
 107   1              uchar i;
 108   1              uchar add=0x81;//读数据地址
 109   1              Write_Ds1302_Byte(0x8e,0x00);//关闭写保护
 110   1              for(i=0;i<7;i++)
 111   1              {
 112   2                      time[i]=Read_Ds1302_Byte(add);
 113   2                      add=add+2;
 114   2              }
 115   1              Write_Ds1302_Byte(0x8e,0x80);//开启写保护
 116   1      }
C51 COMPILER V9.01   MAIN                                                                  01/19/2020 21:18:34 PAGE 3   

 117          
 118          //动态显示时间
 119          void Display_Dynmaic_time()
 120          {
 121   1              ds1302_read();
 122   1              DisplaySMG_Bit(time[1]/16,0); //BCD码取十位
 123   1              Delay(500);
 124   1              P0=0XFF;
 125   1              DisplaySMG_Bit(time[1]&0x0f,1);//BCD码取个位
 126   1              Delay(500);
 127   1              P0=0XFF; //以上是分钟的显示
 128   1              selectHC573(6);
 129   1              P0=0X01<<2;
 130   1              selectHC573(7);
 131   1              P0=~0X40;
 132   1              Delay(500);
 133   1              P0=0XFF; //以上是分隔符显示
 134   1              DisplaySMG_Bit(time[0]/16,3);
 135   1              Delay(500);
 136   1              P0=0XFF;
 137   1              DisplaySMG_Bit(time[0]&0x0f,4); //以上是秒的显示
 138   1      }
 139          
 140          void Read_AIN3()
 141          {
 142   1              IIC_Start();            //IIC总线起始信号                                                       
 143   1              IIC_SendByte(0x90);     //PCF8591的写设备地址           
 144   1              IIC_WaitAck();          //等待从机应答          
 145   1              IIC_SendByte(0x01);     //写入PCF8591的控制字节         
 146   1              IIC_WaitAck();          //等待从机应答                                          
 147   1              IIC_Stop();             //IIC总线停止信号                                       
 148   1              
 149   1              IIC_Start();            //IIC总线起始信号                                                                       
 150   1              IIC_SendByte(0x91);     //PCF8591的读设备地址           
 151   1              IIC_WaitAck();          //等待从机应答          
 152   1              data_pcf8591 = IIC_RecByte();   //读取PCF8591通道3的数据                        
 153   1              IIC_SendAck(0);                 //产生非应答信号                                
 154   1              IIC_Stop();             //IIC总线停止信号                                       
 155   1      }
 156          
 157          
 158          void Display_Dynmaic_pcf8591()
 159          {
 160   1              Read_AIN3();
 161   1              DisplaySMG_Bit(data_pcf8591/100,0);
 162   1              Delay(500);
 163   1              P0=0XFF;
 164   1              DisplaySMG_Bit((data_pcf8591%100)/10,1);
 165   1              Delay(500);
 166   1              P0=0XFF;
 167   1              DisplaySMG_Bit(data_pcf8591%10,2);
 168   1              Delay(500);
 169   1      }
 170          
 171          int main()
 172          {
 173   1              selectHC573(5);
 174   1              P0=0X00;//初始化板上资源，关闭蜂鸣器与继电器
 175   1              ds1302_init();
 176   1              while(1)
 177   1              {       
 178   2                      Display_Dynmaic_temp();
C51 COMPILER V9.01   MAIN                                                                  01/19/2020 21:18:34 PAGE 4   

 179   2                      //Display_Dynmaic_time();
 180   2                      Display_Dynmaic_pcf8591();
 181   2              }
 182   1      }


MODULE INFORMATION:   STATIC OVERLAYABLE
   CODE SIZE        =    536    ----
   CONSTANT SIZE    =     18    ----
   XDATA SIZE       =   ----    ----
   PDATA SIZE       =   ----    ----
   DATA SIZE        =     11       5
   IDATA SIZE       =   ----    ----
   BIT SIZE         =   ----    ----
END OF MODULE INFORMATION.


C51 COMPILATION COMPLETE.  0 WARNING(S),  0 ERROR(S)
