C51 COMPILER V9.60.0.0   MAIN                                                              03/02/2020 17:44:54 PAGE 1   


C51 COMPILER V9.60.0.0, COMPILATION OF MODULE MAIN
OBJECT MODULE PLACED IN .\Objects\main.obj
COMPILER INVOKED BY: C:\Keil_v5\C51\BIN\C51.EXE main.c OPTIMIZE(8,SPEED) BROWSE DEBUG OBJECTEXTEND PRINT(.\Listings\main
                    -.lst) OBJECT(.\Objects\main.obj)

line level    source

   1          #include<stc15f2k60s2.h>
   2          typedef unsigned char uchar;
   3          typedef unsigned int uint;
   4          sbit S7=P3^0;
   5          uchar Key(char *p)
   6          {
   7   1              uchar Key_Status=0;
   8   1              uchar Key_Value=*p;
   9   1              if(Key_Status==0&&Key_Value==0)
  10   1              {
  11   2                      TR1=1;
  12   2                      Key_Status=1;
  13   2              }
  14   1              if(Key_Status==1&&TF1==1)
  15   1              {
  16   2                      TR1=0;
  17   2              }
  18   1              else
  19   1              {
  20   2                      return 0;
  21   2              }
  22   1      }
  23          
  24          void Timer1Init(void)           //10毫秒@11.0592MHz
  25          {
  26   1              AUXR &= 0xBF;           //定时器时钟12T模式
  27   1              TMOD &= 0x0F;           //设置定时器模式
  28   1              TL1 = 0x00;             //设置定时初值
  29   1              TH1 = 0xDC;             //设置定时初值
  30   1              TF1 = 0;                //清除TF1标志
  31   1              EA=1;
  32   1              ET1=1;
  33   1      }
  34          
  35          
  36          int main()
  37          {
  38   1              Timer1Init(void);
*** ERROR C141 IN LINE 38 OF main.c: syntax error near 'void', expected 'sizeof'
  39   1              P2=(P2&0X1F)|0X40;
  40   1              P0=0X00;
  41   1              P2=(P2&0X1F)|0X40;
  42   1              while(1)
  43   1              {
  44   2                      if(Key(S7))
  45   2                      {
  46   3                              P0=0X00;
  47   3                      }
  48   2              }
  49   1      }

C51 COMPILATION COMPLETE.  0 WARNING(S),  1 ERROR(S)
