C51 COMPILER V9.60.0.0   MAIN                                                              08/07/2020 15:21:58 PAGE 1   


C51 COMPILER V9.60.0.0, COMPILATION OF MODULE MAIN
OBJECT MODULE PLACED IN .\Objects\main.obj
COMPILER INVOKED BY: C:\Keil_v5\C51\BIN\C51.EXE main.c OPTIMIZE(8,SPEED) BROWSE DEBUG OBJECTEXTEND PRINT(.\Listings\main
                    -.lst) TABS(2) OBJECT(.\Objects\main.obj)

line level    source

   1          #include<stc15f2k60s2.h>
   2          #include"onewire.h"
   3          typedef unsigned char uchar;
   4          typedef unsigned int uint;
   5          uchar code dig_code[]={0xc0,0xf9,0xa4,0xb0,0x99,0x92,0x82,0xf8,0x80,0x90,0xff};
   6          
   7          void select(uchar channel)
   8          {
   9   1        switch(channel)
  10   1        {
  11   2          case 4:
  12   2            P2=(P2&0x1f)|0x80;
  13   2            break;
  14   2          case 5:
  15   2            P2=(P2&0x1f)|0xa0;
  16   2            break;
  17   2          case 6:
  18   2            P2=(P2&0x1f)|0xc0;
  19   2            break;
  20   2          case 7:
  21   2            P2=(P2&0x1f)|0xe0;
  22   2            break;
  23   2          default:
  24   2            P2=(P2&0x1f);
  25   2            break;
  26   2        }
  27   1      }
  28          
  29          void delay(uint t)
  30          {
  31   1        while(t--);
  32   1      }
  33          
  34          void display(uchar pos,uchar num)
  35          {
  36   1        delay(200);
  37   1        P0=0xff;
  38   1        select(6);
  39   1        P0=0x01<<pos;
  40   1        select(7);
  41   1        P0=dig_code[num];
  42   1      }
  43          
  44          void init_sys()
  45          {
  46   1        select(4);
  47   1        P0=0xff;
  48   1        select(5);
  49   1        P0=0x00;
  50   1        select(0);
  51   1      }
  52          
  53          uint get_temp()
  54          {
C51 COMPILER V9.60.0.0   MAIN                                                              08/07/2020 15:21:58 PAGE 2   

  55   1        uchar LSB,MSB;
  56   1        uint temp=0;
  57   1        
  58   1        init_ds18b20();
  59   1        Write_DS18B20(0xcc);
  60   1        Write_DS18B20(0x44);
  61   1        init_ds18b20();
  62   1        Write_DS18B20(0xcc);
  63   1        Write_DS18B20(0xbe);
  64   1        
  65   1        LSB=Read_DS18B20();
  66   1        MSB=Read_DS18B20();
  67   1        init_ds18b20();
  68   1        temp=(MSB<<8)|LSB;
  69   1        temp=temp>>4;
  70   1        return temp;
  71   1      }
  72          
  73          void display_ds18b20()
  74          {
  75   1        uint temp=get_temp();
  76   1        display(7,temp%10);
  77   1        display(6,temp/10);
  78   1        display(5,10);
  79   1        display(4,10);
  80   1        display(3,10);
  81   1        display(2,10);
  82   1        display(1,10);
  83   1        display(0,10);
  84   1      }
  85          
  86          void main()
  87          {
  88   1        init_sys();
  89   1        while(1)
  90   1        {
  91   2          display_ds18b20();
  92   2        }
  93   1      }


MODULE INFORMATION:   STATIC OVERLAYABLE
   CODE SIZE        =    270    ----
   CONSTANT SIZE    =     11    ----
   XDATA SIZE       =   ----    ----
   PDATA SIZE       =   ----    ----
   DATA SIZE        =   ----       4
   IDATA SIZE       =   ----    ----
   BIT SIZE         =   ----    ----
END OF MODULE INFORMATION.


C51 COMPILATION COMPLETE.  0 WARNING(S),  0 ERROR(S)
